Microchip MPLAB XC8 Compiler V1.45 ()

Linker command line:

--edf=C:\Program Files (x86)\Microchip\xc8\v1.45\dat\en_msgs.txt -cs \
  -h+dist/default/production\lcd.X.production.sym \
  --cmf=dist/default/production\lcd.X.production.cmf -z -Q16F877A \
  -oC:\Users\victo\AppData\Local\Temp\s9t0.2 \
  -Mdist/default/production/lcd.X.production.map -E1 -ver=XC8 \
  -ASTACK=0110h-016fh -pstack=STACK -ACODE=00h-07FFhx4 -ASTRCODE=00h-01FFFh \
  -ASTRING=00h-0FFhx32 -ACONST=00h-0FFhx32 -AENTRY=00h-0FFhx32 \
  -ACOMMON=070h-07Fh -ABANK0=020h-06Fh -ABANK1=0A0h-0EFh \
  -ABANK2=0110h-016Fh -ABANK3=0190h-01EFh \
  -ARAM=020h-06Fh,0A0h-0EFh,0110h-016Fh,0190h-01EFh \
  -AABS1=020h-07Fh,0A0h-0EFh,0110h-016Fh,0190h-01EFh -ASFR0=00h-01Fh \
  -ASFR1=080h-09Fh -ASFR2=0100h-010Fh -ASFR3=0180h-018Fh \
  -preset_vec=00h,intentry,init,end_init -ppowerup=CODE -pcinit=CODE \
  -pfunctab=ENTRY -ACONFIG=02007h-02007h -pconfig=CONFIG -DCONFIG=2 \
  -AIDLOC=02000h-02003h -pidloc=IDLOC -DIDLOC=2 -AEEDATA=00h-0FFh/02100h \
  -peeprom_data=EEDATA -DEEDATA=2 -DCODE=2 -DSTRCODE=2 -DSTRING=2 -DCONST=2 \
  -DENTRY=2 -k C:\Users\victo\AppData\Local\Temp\s9t0.obj \
  dist/default/production\lcd.X.production.obj 

Object code version is 3.11

Machine type is 16F877A



                Name                               Link     Load   Length Selector   Space Scale
C:\Users\victo\AppData\Local\Temp\s9t0.obj
                end_init                              0        0        3        0       0
                config                             2007     2007        1     400E       0
dist/default/production\lcd.X.production.obj
                cinit                               7FC      7FC        4      FF8       0
                text31                             13AD     13AD        9     275A       0
                text30                             147A     147A       30     28F4       0
                text29                             13F3     13F3       1A     27E6       0
                text28                                4        4       1A        8       0
                text27                             13B6     13B6        B     276C       0
                text26                             1601     1601       5B     2C02       0
                text25                             1520     1520       4A     2A40       0
                text24                             13C1     13C1        B     2782       0
                text23                             14AA     14AA       39     2954       0
                text22                             14E3     14E3       3D     29C6       0
                text21                              80F      80F       6C     101E       0
                text20                             13DF     13DF       14     27BE       0
                text19                             16B7     16B7       5D     2D6E       0
                text18                             13A5     13A5        8     274A       0
                text17                              A11      A11      109     1422       0
                text16                             140D     140D       21     281A       0
                text15                             1772     1772       8E     2EE4       0
                text14                             1714     1714       5E     2E28       0
                text13                             15B5     15B5       4C     2B6A       0
                text12                             144F     144F       2B     289E       0
                text11                             142E     142E       21     285C       0
                text10                              C33      C33      132     1866       0
                text9                               87B      87B       C3     10F6       0
                text8                              165C     165C       5B     2CB8       0
                text7                              156A     156A       4B     2AD4       0
                text6                              13CC     13CC       13     2798       0
                text5                               93E      93E       D3     127C       0
                text4                                1E       1E      19A       3C       0
                text3                               801      801        E     1002       0
                text2                               D65      D65      29B     1ACA       0
                text1                               1B8      1B8      644      370       0
                maintext                            B1A      B1A      119     1634       0
                cstackBANK0                          20       20       47       20       1
                cstackCOMMON                         70       70        E       70       1
                cstackBANK1                          A0       A0       2E       A0       1
                strings                            1000     1000       AD     2000       0

TOTAL           Name                               Link     Load   Length     Space
        CLASS   STACK          

        CLASS   CODE           
                end_init                              0        0        3         0
                cinit                               7FC      7FC        4         0
                text31                             13AD     13AD        9         0
                text30                             147A     147A       30         0
                text29                             13F3     13F3       1A         0
                text28                                4        4       1A         0
                text27                             13B6     13B6        B         0
                text26                             1601     1601       5B         0
                text25                             1520     1520       4A         0
                text24                             13C1     13C1        B         0
                text23                             14AA     14AA       39         0
                text22                             14E3     14E3       3D         0
                text21                              80F      80F       6C         0
                text20                             13DF     13DF       14         0
                text19                             16B7     16B7       5D         0
                text18                             13A5     13A5        8         0
                text17                              A11      A11      109         0
                text16                             140D     140D       21         0
                text15                             1772     1772       8E         0
                text14                             1714     1714       5E         0
                text13                             15B5     15B5       4C         0
                text12                             144F     144F       2B         0
                text11                             142E     142E       21         0
                text10                              C33      C33      132         0
                text9                               87B      87B       C3         0
                text8                              165C     165C       5B         0
                text7                              156A     156A       4B         0
                text6                              13CC     13CC       13         0
                text5                               93E      93E       D3         0
                text4                                1E       1E      19A         0
                text3                               801      801        E         0
                text2                               D65      D65      29B         0
                text1                               1B8      1B8      644         0
                maintext                            B1A      B1A      119         0

        CLASS   STRCODE        

        CLASS   STRING         
                strings                            1000     1000       AD         0

        CLASS   CONST          

        CLASS   ENTRY          

        CLASS   COMMON         
                cstackCOMMON                         70       70        E         1

        CLASS   BANK0          
                cstackBANK0                          20       20       47         1

        CLASS   BANK1          
                cstackBANK1                          A0       A0       2E         1

        CLASS   BANK2          

        CLASS   BANK3          

        CLASS   RAM            

        CLASS   ABS1           
                abs_s1                               7E       7E        2         1

        CLASS   SFR0           

        CLASS   SFR1           

        CLASS   SFR2           

        CLASS   SFR3           

        CLASS   CONFIG         
                config                             2007     2007        1         0

        CLASS   IDLOC          

        CLASS   EEDATA         



SEGMENTS        Name                           Load    Length   Top    Selector   Space  Class     Delta

                reset_vec                      000000  000003  000003         0       0  CODE        2
                text28                         000004  00001A  00001E         8       0  CODE        2
                cstackBANK0                    000020  000047  000067        20       1  BANK0       1
                text4                          00001E  00019A  0001B8        3C       0  CODE        2
                cstackCOMMON                   000070  00000E  00007E        70       1  COMMON      1
                cstackBANK1                    0000A0  00002E  0000CE        A0       1  BANK1       1
                text1                          0001B8  000644  0007FC       370       0  CODE        2
                cinit                          0007FC  000004  000800       FF8       0  CODE        2
                text3                          000801  00000E  00080F      1002       0  CODE        2
                text21                         00080F  00006C  00087B      101E       0  CODE        2
                text9                          00087B  0000C3  00093E      10F6       0  CODE        2
                text5                          00093E  0000D3  000A11      127C       0  CODE        2
                text17                         000A11  000109  000B1A      1422       0  CODE        2
                maintext                       000B1A  000119  000C33      1634       0  CODE        2
                text10                         000C33  000132  000D65      1866       0  CODE        2
                text2                          000D65  00029B  001000      1ACA       0  CODE        2
                strings                        001000  0000AD  0010AD      2000       0  STRING      2
                text18                         0013A5  000008  0013AD      274A       0  CODE        2
                text31                         0013AD  000009  0013B6      275A       0  CODE        2
                text27                         0013B6  00000B  0013C1      276C       0  CODE        2
                text24                         0013C1  00000B  0013CC      2782       0  CODE        2
                text6                          0013CC  000013  0013DF      2798       0  CODE        2
                text20                         0013DF  000014  0013F3      27BE       0  CODE        2
                text29                         0013F3  00001A  00140D      27E6       0  CODE        2
                text16                         00140D  000021  00142E      281A       0  CODE        2
                text11                         00142E  000021  00144F      285C       0  CODE        2
                text12                         00144F  00002B  00147A      289E       0  CODE        2
                text30                         00147A  000030  0014AA      28F4       0  CODE        2
                text23                         0014AA  000039  0014E3      2954       0  CODE        2
                text22                         0014E3  00003D  001520      29C6       0  CODE        2
                text25                         001520  00004A  00156A      2A40       0  CODE        2
                text7                          00156A  00004B  0015B5      2AD4       0  CODE        2
                text13                         0015B5  00004C  001601      2B6A       0  CODE        2
                text26                         001601  00005B  00165C      2C02       0  CODE        2
                text8                          00165C  00005B  0016B7      2CB8       0  CODE        2
                text19                         0016B7  00005D  001714      2D6E       0  CODE        2
                text14                         001714  00005E  001772      2E28       0  CODE        2
                text15                         001772  00008E  001800      2EE4       0  CODE        2
                config                         002007  000001  002008      400E       0  CONFIG      2


UNUSED ADDRESS RANGES

        Name                Unused          Largest block    Delta
        BANK0            0067-006F              9           1
        BANK1            00CE-00EF             22           1
        BANK2            0110-016F             60           1
        BANK3            0190-01EF             60           1
        CODE             0003-0003              1           2
                         0800-0800              1
                         10AD-13A4            2F8
                         1800-1FFF            800
        CONST            0003-0003              1           2
                         0800-0800              1
                         10AD-13A4            100
                         1800-1FFF            100
        EEDATA           2100-21FF            100           2
        ENTRY            0003-0003              1           2
                         0800-0800              1
                         10AD-13A4            100
                         1800-1FFF            100
        IDLOC            2000-2003              4           2
        RAM              0067-006F              9           1
                         00CE-00EF             22
                         0110-016F             60
                         0190-01EF             60
        SFR0             0000-001F             20           1
        SFR1             0080-009F             20           1
        SFR2             0100-010F             10           1
        SFR3             0180-018F             10           1
        STACK            0110-016F             60           1
        STRCODE          0003-0003              1           2
                         0800-0800              1
                         10AD-13A4            2F8
                         1800-1FFF            800
        STRING           0003-0003              1           2
                         0800-0800              1
                         10AD-13A4            100
                         1800-1FFF            100

                                  Symbol Table

?_ADC_Read                 cstackCOMMON 0070
?___awdiv                  cstackCOMMON 0077
?___awmod                  cstackCOMMON 0070
?___ftadd                  cstackBANK0  0047
?___ftmul                  cstackBANK0  0027
?___ftneg                  cstackCOMMON 0070
?___ftpack                 cstackCOMMON 0070
?___ftsub                  cstackBANK0  0054
?___fttol                  cstackBANK0  0040
?___lldiv                  cstackCOMMON 0070
?___llmod                  cstackCOMMON 0070
?___lltoft                 cstackCOMMON 0078
?___lwtoft                 cstackCOMMON 0078
?___wmul                   cstackCOMMON 0070
?__div_to_l_               cstackCOMMON 0070
?__tdiv_to_l_              cstackCOMMON 0070
?_fround                   cstackBANK0  0037
?_scale                    cstackBANK0  0037
?_sprintf                  cstackBANK0  005A
ADC_Read@channel           cstackCOMMON 0074
Lcd_Cmd@a                  cstackCOMMON 0073
Lcd_Port@a                 cstackCOMMON 0070
Lcd_Set_Cursor@a           cstackCOMMON 0077
Lcd_Set_Cursor@b           cstackCOMMON 0074
Lcd_Set_Cursor@temp        cstackCOMMON 007A
Lcd_Set_Cursor@y           cstackCOMMON 0079
Lcd_Set_Cursor@z           cstackCOMMON 0078
Lcd_Write_Char@a           cstackCOMMON 0074
Lcd_Write_Char@temp        cstackCOMMON 0072
Lcd_Write_Char@y           cstackCOMMON 0073
Lcd_Write_String@a         cstackCOMMON 0075
Lcd_Write_String@i         cstackCOMMON 007A
_ADCON0                    (abs)        001F
_ADCON1                    (abs)        009F
_ADC_Init                  text31       13AD
_ADC_Read                  text30       147A
_ADRESH                    (abs)        001E
_ADRESL                    (abs)        009E
_GO_nDONE                  (abs)        00FA
_Lcd_Clear                 text27       13B6
_Lcd_Cmd                   text28       0004
_Lcd_Init                  text26       1601
_Lcd_Port                  text29       13F3
_Lcd_Set_Cursor            text25       1520
_Lcd_Shift_Left            text24       13C1
_Lcd_Write_Char            text23       14AA
_Lcd_Write_String          text22       14E3
_PORTB                     (abs)        0006
_RD2                       (abs)        0042
_RD3                       (abs)        0043
_RD4                       (abs)        0044
_RD5                       (abs)        0045
_RD6                       (abs)        0046
_RD7                       (abs)        0047
_TRISA                     (abs)        0085
_TRISB                     (abs)        0086
_TRISC                     (abs)        0087
_TRISD                     (abs)        0088
__CFG_BOREN$ON             (abs)        0000
__CFG_CP$OFF               (abs)        0000
__CFG_CPD$OFF              (abs)        0000
__CFG_FOSC$HS              (abs)        0000
__CFG_LVP$OFF              (abs)        0000
__CFG_PWRTE$OFF            (abs)        0000
__CFG_WDTE$OFF             (abs)        0000
__CFG_WRT$OFF              (abs)        0000
__Habs1                    abs1         0000
__Hbank0                   bank0        0000
__Hbank1                   bank1        0000
__Hbank2                   bank2        0000
__Hbank3                   bank3        0000
__Hcinit                   cinit        0800
__Hclrtext                 clrtext      0000
__Hcode                    code         0000
__Hcommon                  common       0000
__Hconfig                  config       2008
__HcstackBANK0             cstackBANK0  0000
__HcstackBANK1             cstackBANK1  0000
__HcstackCOMMON            cstackCOMMON 0000
__Heeprom_data             eeprom_data  0000
__Hend_init                end_init     0003
__Hfunctab                 functab      0000
__Hidloc                   idloc        0000
__Hinit                    init         0000
__Hintentry                intentry     0000
__Hmaintext                maintext     0000
__Hpowerup                 powerup      0000
__Hram                     ram          0000
__Hreset_vec               reset_vec    0000
__Hsfr0                    sfr0         0000
__Hsfr1                    sfr1         0000
__Hsfr2                    sfr2         0000
__Hsfr3                    sfr3         0000
__Hspace_0                 (abs)        2008
__Hspace_1                 (abs)        00CE
__Hspace_2                 (abs)        0000
__Hspace_3                 (abs)        0000
__Hstack                   stack        0000
__Hstrings                 strings      0000
__Htext                    text         0000
__Labs1                    abs1         0000
__Lbank0                   bank0        0000
__Lbank1                   bank1        0000
__Lbank2                   bank2        0000
__Lbank3                   bank3        0000
__Lcinit                   cinit        07FC
__Lclrtext                 clrtext      0000
__Lcode                    code         0000
__Lcommon                  common       0000
__Lconfig                  config       2007
__LcstackBANK0             cstackBANK0  0000
__LcstackBANK1             cstackBANK1  0000
__LcstackCOMMON            cstackCOMMON 0000
__Leeprom_data             eeprom_data  0000
__Lend_init                end_init     0000
__Lfunctab                 functab      0000
__Lidloc                   idloc        0000
__Linit                    init         0000
__Lintentry                intentry     0000
__Lmaintext                maintext     0000
__Lpowerup                 powerup      0000
__Lram                     ram          0000
__Lreset_vec               reset_vec    0000
__Lsfr0                    sfr0         0000
__Lsfr1                    sfr1         0000
__Lsfr2                    sfr2         0000
__Lsfr3                    sfr3         0000
__Lspace_0                 (abs)        0000
__Lspace_1                 (abs)        0000
__Lspace_2                 (abs)        0000
__Lspace_3                 (abs)        0000
__Lstack                   stack        0000
__Lstrings                 strings      0000
__Ltext                    text         0000
__S0                       (abs)        2008
__S1                       (abs)        00CE
__S2                       (abs)        0000
__S3                       (abs)        0000
___awdiv                   text8        165C
___awdiv@counter           cstackBANK0  0020
___awdiv@dividend          cstackCOMMON 0079
___awdiv@divisor           cstackCOMMON 0077
___awdiv@quotient          cstackBANK0  0022
___awdiv@sign              cstackBANK0  0021
___awmod                   text7        156A
___awmod@counter           cstackCOMMON 0075
___awmod@dividend          cstackCOMMON 0072
___awmod@divisor           cstackCOMMON 0070
___awmod@sign              cstackCOMMON 0076
___bmul                    text6        13CC
___bmul@multiplicand       cstackBANK0  0024
___bmul@multiplier         cstackBANK0  0026
___bmul@product            cstackBANK0  0025
___ftadd                   text17       0A11
___ftadd@exp1              cstackBANK0  0053
___ftadd@exp2              cstackBANK0  0052
___ftadd@f1                cstackBANK0  0047
___ftadd@f2                cstackBANK0  004A
___ftadd@sign              cstackBANK0  0051
___ftge                    text19       16B7
___ftge@ff1                cstackCOMMON 0070
___ftge@ff2                cstackCOMMON 0073
___ftmul                   text5        093E
___ftmul@cntr              cstackBANK0  0035
___ftmul@exp               cstackBANK0  0031
___ftmul@f1                cstackBANK0  0027
___ftmul@f2                cstackBANK0  002A
___ftmul@f3_as_product     cstackBANK0  0032
___ftmul@sign              cstackBANK0  0036
___ftneg                   text18       13A5
___ftneg@f1                cstackCOMMON 0070
___ftpack                  text21       080F
___ftpack@arg              cstackCOMMON 0070
___ftpack@exp              cstackCOMMON 0073
___ftpack@sign             cstackCOMMON 0074
___ftsub                   text16       140D
___ftsub@f1                cstackBANK0  0057
___ftsub@f2                cstackBANK0  0054
___fttol                   text15       1772
___fttol@exp1              cstackBANK0  004D
___fttol@f1                cstackBANK0  0040
___fttol@lval              cstackBANK0  0049
___fttol@sign1             cstackBANK0  0048
___int_sp                  stack        0000
___latbits                 (abs)        0002
___lldiv                   text14       1714
___lldiv@counter           cstackCOMMON 007D
___lldiv@dividend          cstackCOMMON 0074
___lldiv@divisor           cstackCOMMON 0070
___lldiv@quotient          cstackCOMMON 0079
___llmod                   text13       15B5
___llmod@counter           cstackCOMMON 0079
___llmod@dividend          cstackCOMMON 0074
___llmod@divisor           cstackCOMMON 0070
___lltoft                  text12       144F
___lltoft@c                cstackCOMMON 0078
___lltoft@exp              cstackCOMMON 007D
___lwtoft                  text20       13DF
___lwtoft@c                cstackCOMMON 0078
___sp                      stack        0000
___wmul                    text11       142E
___wmul@multiplicand       cstackCOMMON 0072
___wmul@multiplier         cstackCOMMON 0070
___wmul@product            cstackCOMMON 0074
__div_to_l_                text10       0C33
__div_to_l_@cntr           cstackBANK0  0024
__div_to_l_@exp1           cstackBANK0  0025
__div_to_l_@f1             cstackCOMMON 0070
__div_to_l_@f2             cstackCOMMON 0073
__div_to_l_@quot           cstackBANK0  0020
__end_of_ADC_Init          text31       13B6
__end_of_ADC_Read          text30       14AA
__end_of_Lcd_Clear         text27       13C1
__end_of_Lcd_Cmd           text28       001E
__end_of_Lcd_Init          text26       165C
__end_of_Lcd_Port          text29       140D
__end_of_Lcd_Set_Cursor    text25       156A
__end_of_Lcd_Shift_Left    text24       13CC
__end_of_Lcd_Write_Char    text23       14E3
__end_of_Lcd_Write_String  text22       1520
__end_of___awdiv           text8        16B7
__end_of___awmod           text7        15B5
__end_of___bmul            text6        13DF
__end_of___ftadd           text17       0B1A
__end_of___ftge            text19       1714
__end_of___ftmul           text5        0A11
__end_of___ftneg           text18       13AD
__end_of___ftpack          text21       087B
__end_of___ftsub           text16       142E
__end_of___fttol           text15       1800
__end_of___lldiv           text14       1772
__end_of___llmod           text13       1601
__end_of___lltoft          text12       147A
__end_of___lwtoft          text20       13F3
__end_of___wmul            text11       144F
__end_of__div_to_l_        text10       0D65
__end_of__initialization   cinit        07FC
__end_of__npowers_         strings      1086
__end_of__powers_          strings      105F
__end_of__stringtab        strings      1010
__end_of__tdiv_to_l_       text9        093E
__end_of_dpowers           strings      1038
__end_of_fround            text4        01B8
__end_of_isdigit           text3        080F
__end_of_main              maintext     0C33
__end_of_scale             text2        1000
__end_of_sprintf           text1        07FC
__initialization           cinit        07FC
__npowers_                 strings      105F
__pcstackBANK0             cstackBANK0  0020
__pcstackBANK1             cstackBANK1  00A0
__pcstackCOMMON            cstackCOMMON 0070
__pmaintext                maintext     0B1A
__powers_                  strings      1038
__pstrings                 strings      1000
__ptext1                   text1        01B8
__ptext10                  text10       0C33
__ptext11                  text11       142E
__ptext12                  text12       144F
__ptext13                  text13       15B5
__ptext14                  text14       1714
__ptext15                  text15       1772
__ptext16                  text16       140D
__ptext17                  text17       0A11
__ptext18                  text18       13A5
__ptext19                  text19       16B7
__ptext2                   text2        0D65
__ptext20                  text20       13DF
__ptext21                  text21       080F
__ptext22                  text22       14E3
__ptext23                  text23       14AA
__ptext24                  text24       13C1
__ptext25                  text25       1520
__ptext26                  text26       1601
__ptext27                  text27       13B6
__ptext28                  text28       0004
__ptext29                  text29       13F3
__ptext3                   text3        0801
__ptext30                  text30       147A
__ptext31                  text31       13AD
__ptext4                   text4        001E
__ptext5                   text5        093E
__ptext6                   text6        13CC
__ptext7                   text7        156A
__ptext8                   text8        165C
__ptext9                   text9        087B
__size_of_ADC_Init         (abs)        0000
__size_of_ADC_Read         (abs)        0000
__size_of_Lcd_Clear        (abs)        0000
__size_of_Lcd_Cmd          (abs)        0000
__size_of_Lcd_Init         (abs)        0000
__size_of_Lcd_Port         (abs)        0000
__size_of_Lcd_Set_Cursor   (abs)        0000
__size_of_Lcd_Shift_Left   (abs)        0000
__size_of_Lcd_Write_Char   (abs)        0000
__size_of_Lcd_Write_String (abs)        0000
__size_of___awdiv          (abs)        0000
__size_of___awmod          (abs)        0000
__size_of___bmul           (abs)        0000
__size_of___ftadd          (abs)        0000
__size_of___ftge           (abs)        0000
__size_of___ftmul          (abs)        0000
__size_of___ftneg          (abs)        0000
__size_of___ftpack         (abs)        0000
__size_of___ftsub          (abs)        0000
__size_of___fttol          (abs)        0000
__size_of___lldiv          (abs)        0000
__size_of___llmod          (abs)        0000
__size_of___lltoft         (abs)        0000
__size_of___lwtoft         (abs)        0000
__size_of___wmul           (abs)        0000
__size_of__div_to_l_       (abs)        0000
__size_of__tdiv_to_l_      (abs)        0000
__size_of_fround           (abs)        0000
__size_of_isdigit          (abs)        0000
__size_of_main             (abs)        0000
__size_of_scale            (abs)        0000
__size_of_sprintf          (abs)        0000
__stringbase               strings      100F
__stringtab                strings      1000
__tdiv_to_l_               text9        087B
__tdiv_to_l_@cntr          cstackBANK0  0024
__tdiv_to_l_@exp1          cstackBANK0  0025
__tdiv_to_l_@f1            cstackCOMMON 0070
__tdiv_to_l_@f2            cstackCOMMON 0073
__tdiv_to_l_@quot          cstackBANK0  0020
_dpowers                   strings      1010
_fround                    text4        001E
_fround$573                cstackBANK0  0043
_fround$574                cstackBANK0  0040
_isdigit                   text3        0801
_isdigit$346               cstackCOMMON 0070
_main                      maintext     0B1A
_scale                     text2        0D65
_scale$575                 cstackBANK0  003C
_sprintf                   text1        01B8
_sprintf$576               cstackBANK1  00A0
btemp                      (abs)        007E
end_of_initialization      cinit        07FC
fround@prec                cstackBANK0  0046
intlevel0                  functab      0000
intlevel1                  functab      0000
intlevel2                  functab      0000
intlevel3                  functab      0000
intlevel4                  functab      0000
intlevel5                  functab      0000
isdigit@c                  cstackCOMMON 0071
main@AD_convertido         cstackBANK1  00C7
main@a                     cstackBANK1  00CC
main@ad_tratado_lcd        cstackBANK1  00B7
main@leitura               cstackBANK1  00CA
reset_vec                  reset_vec    0000
scale@scl                  cstackBANK0  003F
sprintf@ap                 cstackBANK1  00A3
sprintf@c                  cstackBANK1  00B6
sprintf@exp                cstackBANK1  00AA
sprintf@f                  cstackBANK0  005A
sprintf@flag               cstackBANK1  00A4
sprintf@fval               cstackBANK1  00B3
sprintf@prec               cstackBANK1  00B1
sprintf@sp                 cstackBANK1  00B0
sprintf@tmpval             cstackBANK1  00AC
sprintf@val                cstackBANK1  00A6
stackhi                    (abs)        0000
stacklo                    (abs)        0000
start                      init         0000
start_initialization       cinit        07FC
wtemp0                     (abs)        007E


FUNCTION INFORMATION:

 *************** function _main *****************
 Defined at:
		line 45 in file "main.c"
 Parameters:    Size  Location     Type
		None
 Auto vars:     Size  Location     Type
  ad_tratado_l   16   23[BANK1 ] unsigned char [16]
  AD_convertid    3   39[BANK1 ] float 
  a               2   44[BANK1 ] unsigned int 
  leitura         2   42[BANK1 ] unsigned int 
 Return value:  Size  Location     Type
                  2   91[None  ] int 
 Registers used:
		wreg, fsr0l, fsr0h, status,2, status,0, btemp+1, pclath, cstack
 Tracked objects:
		On entry : 
		On exit  : 
		Unchanged: 
 Data sizes:     COMMON   BANK0   BANK1   BANK3   BANK2
      Params:         0       0       0       0       0
      Locals:         0       0      23       0       0
      Temps:          0       3       0       0       0
      Totals:         0       3      23       0       0
Total ram usage:       26 bytes
 Hardware stack levels required when called:    4
 This function calls:
		_ADC_Init
		_ADC_Read
		_Lcd_Clear
		_Lcd_Init
		_Lcd_Set_Cursor
		_Lcd_Shift_Left
		_Lcd_Write_String
		___ftmul
		___lwtoft
		_sprintf
 This function is called by:
		Startup code after reset
 This function uses a non-reentrant model


 *************** function _sprintf *****************
 Defined at:
		line 492 in file "C:\Program Files (x86)\Microchip\xc8\v1.45\sources\common\doprnt.c"
 Parameters:    Size  Location     Type
  sp              1    wreg     PTR unsigned char 
		 -> main@ad_tratado_lcd(16), 
  f               1   58[BANK0 ] PTR const unsigned char 
		 -> STR_4(7), 
 Auto vars:     Size  Location     Type
  sp              1   16[BANK1 ] PTR unsigned char 
		 -> main@ad_tratado_lcd(16), 
  tmpval          4   12[BANK1 ] struct .
  val             4    6[BANK1 ] unsigned long 
  fval            3   19[BANK1 ] unsigned long 
  prec            2   17[BANK1 ] int 
  exp             2   10[BANK1 ] int 
  flag            2    4[BANK1 ] unsigned short 
  cp              2    0        PTR const unsigned char 
  len             2    0        unsigned int 
  width           2    0        int 
  c               1   22[BANK1 ] char 
  ap              1    3[BANK1 ] PTR void [1]
		 -> ?_sprintf(2), 
  d               1    0        unsigned char 
 Return value:  Size  Location     Type
                  2   58[BANK0 ] int 
 Registers used:
		wreg, fsr0l, fsr0h, status,2, status,0, btemp+1, pclath, cstack
 Tracked objects:
		On entry : 
		On exit  : 
		Unchanged: 
 Data sizes:     COMMON   BANK0   BANK1   BANK3   BANK2
      Params:         0       4       0       0       0
      Locals:         0       0      23       0       0
      Temps:          0       6       0       0       0
      Totals:         0      10      23       0       0
Total ram usage:       33 bytes
 Hardware stack levels used:    1
 Hardware stack levels required when called:    3
 This function calls:
		___awdiv
		___ftadd
		___ftge
		___ftmul
		___ftneg
		___ftsub
		___fttol
		___lldiv
		___llmod
		___lltoft
		___wmul
		__div_to_l_
		__tdiv_to_l_
		_fround
		_isdigit
		_scale
 This function is called by:
		_main
 This function uses a non-reentrant model


 *************** function _scale *****************
 Defined at:
		line 425 in file "C:\Program Files (x86)\Microchip\xc8\v1.45\sources\common\doprnt.c"
 Parameters:    Size  Location     Type
  scl             1    wreg     char 
 Auto vars:     Size  Location     Type
  scl             1   31[BANK0 ] char 
 Return value:  Size  Location     Type
                  3   23[BANK0 ] char 
 Registers used:
		wreg, fsr0l, fsr0h, status,2, status,0, pclath, cstack
 Tracked objects:
		On entry : 
		On exit  : 
		Unchanged: 
 Data sizes:     COMMON   BANK0   BANK1   BANK3   BANK2
      Params:         0       3       0       0       0
      Locals:         0       4       0       0       0
      Temps:          0       2       0       0       0
      Totals:         0       9       0       0       0
Total ram usage:        9 bytes
 Hardware stack levels used:    1
 Hardware stack levels required when called:    2
 This function calls:
		___awdiv
		___awmod
		___bmul
		___ftmul
 This function is called by:
		_sprintf
 This function uses a non-reentrant model


 *************** function _isdigit *****************
 Defined at:
		line 8 in file "C:\Program Files (x86)\Microchip\xc8\v1.45\sources\common\isdigit.c"
 Parameters:    Size  Location     Type
  c               1    wreg     unsigned char 
 Auto vars:     Size  Location     Type
  c               1    1[COMMON] unsigned char 
 Return value:  Size  Location     Type
		None               void
 Registers used:
		wreg, status,2, status,0
 Tracked objects:
		On entry : 
		On exit  : 
		Unchanged: 
 Data sizes:     COMMON   BANK0   BANK1   BANK3   BANK2
      Params:         0       0       0       0       0
      Locals:         2       0       0       0       0
      Temps:          0       0       0       0       0
      Totals:         2       0       0       0       0
Total ram usage:        2 bytes
 Hardware stack levels used:    1
 This function calls:
		Nothing
 This function is called by:
		_sprintf
 This function uses a non-reentrant model


 *************** function _fround *****************
 Defined at:
		line 409 in file "C:\Program Files (x86)\Microchip\xc8\v1.45\sources\common\doprnt.c"
 Parameters:    Size  Location     Type
  prec            1    wreg     unsigned char 
 Auto vars:     Size  Location     Type
  prec            1   38[BANK0 ] unsigned char 
 Return value:  Size  Location     Type
                  3   23[BANK0 ] unsigned char 
 Registers used:
		wreg, fsr0l, fsr0h, status,2, status,0, pclath, cstack
 Tracked objects:
		On entry : 
		On exit  : 
		Unchanged: 
 Data sizes:     COMMON   BANK0   BANK1   BANK3   BANK2
      Params:         0       3       0       0       0
      Locals:         0       7       0       0       0
      Temps:          0       6       0       0       0
      Totals:         0      16       0       0       0
Total ram usage:       16 bytes
 Hardware stack levels used:    1
 Hardware stack levels required when called:    2
 This function calls:
		___awdiv
		___awmod
		___bmul
		___ftmul
 This function is called by:
		_sprintf
 This function uses a non-reentrant model


 *************** function ___ftmul *****************
 Defined at:
		line 62 in file "C:\Program Files (x86)\Microchip\xc8\v1.45\sources\common\ftmul.c"
 Parameters:    Size  Location     Type
  f1              3    7[BANK0 ] float 
  f2              3   10[BANK0 ] float 
 Auto vars:     Size  Location     Type
  f3_as_produc    3   18[BANK0 ] unsigned um
  sign            1   22[BANK0 ] unsigned char 
  cntr            1   21[BANK0 ] unsigned char 
  exp             1   17[BANK0 ] unsigned char 
 Return value:  Size  Location     Type
                  3    7[BANK0 ] float 
 Registers used:
		wreg, status,2, status,0, pclath, cstack
 Tracked objects:
		On entry : 
		On exit  : 
		Unchanged: 
 Data sizes:     COMMON   BANK0   BANK1   BANK3   BANK2
      Params:         0       6       0       0       0
      Locals:         0       6       0       0       0
      Temps:          0       4       0       0       0
      Totals:         0      16       0       0       0
Total ram usage:       16 bytes
 Hardware stack levels used:    1
 Hardware stack levels required when called:    1
 This function calls:
		___ftpack
 This function is called by:
		_main
		_fround
		_scale
		_sprintf
 This function uses a non-reentrant model


 *************** function ___bmul *****************
 Defined at:
		line 4 in file "C:\Program Files (x86)\Microchip\xc8\v1.45\sources\common\Umul8.c"
 Parameters:    Size  Location     Type
  multiplier      1    wreg     unsigned char 
  multiplicand    1    4[BANK0 ] unsigned char 
 Auto vars:     Size  Location     Type
  multiplier      1    6[BANK0 ] unsigned char 
  product         1    5[BANK0 ] unsigned char 
 Return value:  Size  Location     Type
                  1    wreg      unsigned char 
 Registers used:
		wreg, status,2, status,0
 Tracked objects:
		On entry : 
		On exit  : 
		Unchanged: 
 Data sizes:     COMMON   BANK0   BANK1   BANK3   BANK2
      Params:         0       1       0       0       0
      Locals:         0       2       0       0       0
      Temps:          1       0       0       0       0
      Totals:         1       3       0       0       0
Total ram usage:        4 bytes
 Hardware stack levels used:    1
 This function calls:
		Nothing
 This function is called by:
		_fround
		_scale
 This function uses a non-reentrant model


 *************** function ___awmod *****************
 Defined at:
		line 6 in file "C:\Program Files (x86)\Microchip\xc8\v1.45\sources\common\awmod.c"
 Parameters:    Size  Location     Type
  divisor         2    0[COMMON] int 
  dividend        2    2[COMMON] int 
 Auto vars:     Size  Location     Type
  sign            1    6[COMMON] unsigned char 
  counter         1    5[COMMON] unsigned char 
 Return value:  Size  Location     Type
                  2    0[COMMON] int 
 Registers used:
		wreg, status,2, status,0
 Tracked objects:
		On entry : 
		On exit  : 
		Unchanged: 
 Data sizes:     COMMON   BANK0   BANK1   BANK3   BANK2
      Params:         4       0       0       0       0
      Locals:         2       0       0       0       0
      Temps:          1       0       0       0       0
      Totals:         7       0       0       0       0
Total ram usage:        7 bytes
 Hardware stack levels used:    1
 This function calls:
		Nothing
 This function is called by:
		_fround
		_scale
 This function uses a non-reentrant model


 *************** function ___awdiv *****************
 Defined at:
		line 6 in file "C:\Program Files (x86)\Microchip\xc8\v1.45\sources\common\awdiv.c"
 Parameters:    Size  Location     Type
  divisor         2    7[COMMON] int 
  dividend        2    9[COMMON] int 
 Auto vars:     Size  Location     Type
  quotient        2    2[BANK0 ] int 
  sign            1    1[BANK0 ] unsigned char 
  counter         1    0[BANK0 ] unsigned char 
 Return value:  Size  Location     Type
                  2    7[COMMON] int 
 Registers used:
		wreg, status,2, status,0
 Tracked objects:
		On entry : 
		On exit  : 
		Unchanged: 
 Data sizes:     COMMON   BANK0   BANK1   BANK3   BANK2
      Params:         4       0       0       0       0
      Locals:         0       4       0       0       0
      Temps:          1       0       0       0       0
      Totals:         5       4       0       0       0
Total ram usage:        9 bytes
 Hardware stack levels used:    1
 This function calls:
		Nothing
 This function is called by:
		_fround
		_scale
		_sprintf
 This function uses a non-reentrant model


 *************** function __tdiv_to_l_ *****************
 Defined at:
		line 60 in file "C:\Program Files (x86)\Microchip\xc8\v1.45\sources\common\ftdivl.c"
 Parameters:    Size  Location     Type
  f1              3    0[COMMON] float 
  f2              3    3[COMMON] float 
 Auto vars:     Size  Location     Type
  quot            4    0[BANK0 ] unsigned long 
  exp1            1    5[BANK0 ] unsigned char 
  cntr            1    4[BANK0 ] unsigned char 
 Return value:  Size  Location     Type
                  4    0[COMMON] unsigned long 
 Registers used:
		wreg, status,2, status,0
 Tracked objects:
		On entry : 
		On exit  : 
		Unchanged: 
 Data sizes:     COMMON   BANK0   BANK1   BANK3   BANK2
      Params:         6       0       0       0       0
      Locals:         0       6       0       0       0
      Temps:          4       0       0       0       0
      Totals:        10       6       0       0       0
Total ram usage:       16 bytes
 Hardware stack levels used:    1
 This function calls:
		Nothing
 This function is called by:
		_sprintf
 This function uses a non-reentrant model


 *************** function __div_to_l_ *****************
 Defined at:
		line 60 in file "C:\Program Files (x86)\Microchip\xc8\v1.45\sources\common\fldivl.c"
 Parameters:    Size  Location     Type
  f1              3    0[COMMON] unsigned long 
  f2              3    3[COMMON] unsigned long 
 Auto vars:     Size  Location     Type
  quot            4    0[BANK0 ] unsigned long 
  exp1            1    5[BANK0 ] unsigned char 
  cntr            1    4[BANK0 ] unsigned char 
 Return value:  Size  Location     Type
                  4    0[COMMON] unsigned long 
 Registers used:
		wreg, fsr0l, fsr0h, status,2, status,0
 Tracked objects:
		On entry : 
		On exit  : 
		Unchanged: 
 Data sizes:     COMMON   BANK0   BANK1   BANK3   BANK2
      Params:         6       0       0       0       0
      Locals:         0       6       0       0       0
      Temps:          8       0       0       0       0
      Totals:        14       6       0       0       0
Total ram usage:       20 bytes
 Hardware stack levels used:    1
 This function calls:
		Nothing
 This function is called by:
		_sprintf
 This function uses a non-reentrant model


 *************** function ___wmul *****************
 Defined at:
		line 15 in file "C:\Program Files (x86)\Microchip\xc8\v1.45\sources\common\Umul16.c"
 Parameters:    Size  Location     Type
  multiplier      2    0[COMMON] unsigned int 
  multiplicand    2    2[COMMON] unsigned int 
 Auto vars:     Size  Location     Type
  product         2    4[COMMON] unsigned int 
 Return value:  Size  Location     Type
                  2    0[COMMON] unsigned int 
 Registers used:
		wreg, status,2, status,0
 Tracked objects:
		On entry : 
		On exit  : 
		Unchanged: 
 Data sizes:     COMMON   BANK0   BANK1   BANK3   BANK2
      Params:         4       0       0       0       0
      Locals:         2       0       0       0       0
      Temps:          0       0       0       0       0
      Totals:         6       0       0       0       0
Total ram usage:        6 bytes
 Hardware stack levels used:    1
 This function calls:
		Nothing
 This function is called by:
		_sprintf
 This function uses a non-reentrant model


 *************** function ___lltoft *****************
 Defined at:
		line 35 in file "C:\Program Files (x86)\Microchip\xc8\v1.45\sources\common\lltoft.c"
 Parameters:    Size  Location     Type
  c               4    8[COMMON] unsigned long 
 Auto vars:     Size  Location     Type
  exp             1   13[COMMON] unsigned char 
 Return value:  Size  Location     Type
                  3    8[COMMON] float 
 Registers used:
		wreg, status,2, status,0, pclath, cstack
 Tracked objects:
		On entry : 
		On exit  : 
		Unchanged: 
 Data sizes:     COMMON   BANK0   BANK1   BANK3   BANK2
      Params:         4       0       0       0       0
      Locals:         1       0       0       0       0
      Temps:          1       0       0       0       0
      Totals:         6       0       0       0       0
Total ram usage:        6 bytes
 Hardware stack levels used:    1
 Hardware stack levels required when called:    1
 This function calls:
		___ftpack
 This function is called by:
		_sprintf
 This function uses a non-reentrant model


 *************** function ___llmod *****************
 Defined at:
		line 6 in file "C:\Program Files (x86)\Microchip\xc8\v1.45\sources\common\llmod.c"
 Parameters:    Size  Location     Type
  divisor         4    0[COMMON] unsigned long 
  dividend        4    4[COMMON] unsigned long 
 Auto vars:     Size  Location     Type
  counter         1    9[COMMON] unsigned char 
 Return value:  Size  Location     Type
                  4    0[COMMON] unsigned long 
 Registers used:
		wreg, status,2, status,0
 Tracked objects:
		On entry : 
		On exit  : 
		Unchanged: 
 Data sizes:     COMMON   BANK0   BANK1   BANK3   BANK2
      Params:         8       0       0       0       0
      Locals:         1       0       0       0       0
      Temps:          1       0       0       0       0
      Totals:        10       0       0       0       0
Total ram usage:       10 bytes
 Hardware stack levels used:    1
 This function calls:
		Nothing
 This function is called by:
		_sprintf
 This function uses a non-reentrant model


 *************** function ___lldiv *****************
 Defined at:
		line 6 in file "C:\Program Files (x86)\Microchip\xc8\v1.45\sources\common\lldiv.c"
 Parameters:    Size  Location     Type
  divisor         4    0[COMMON] unsigned long 
  dividend        4    4[COMMON] unsigned long 
 Auto vars:     Size  Location     Type
  quotient        4    9[COMMON] unsigned long 
  counter         1   13[COMMON] unsigned char 
 Return value:  Size  Location     Type
                  4    0[COMMON] unsigned long 
 Registers used:
		wreg, status,2, status,0
 Tracked objects:
		On entry : 
		On exit  : 
		Unchanged: 
 Data sizes:     COMMON   BANK0   BANK1   BANK3   BANK2
      Params:         8       0       0       0       0
      Locals:         5       0       0       0       0
      Temps:          1       0       0       0       0
      Totals:        14       0       0       0       0
Total ram usage:       14 bytes
 Hardware stack levels used:    1
 This function calls:
		Nothing
 This function is called by:
		_sprintf
 This function uses a non-reentrant model


 *************** function ___fttol *****************
 Defined at:
		line 44 in file "C:\Program Files (x86)\Microchip\xc8\v1.45\sources\common\fttol.c"
 Parameters:    Size  Location     Type
  f1              3   32[BANK0 ] float 
 Auto vars:     Size  Location     Type
  lval            4   41[BANK0 ] unsigned long 
  exp1            1   45[BANK0 ] unsigned char 
  sign1           1   40[BANK0 ] unsigned char 
 Return value:  Size  Location     Type
                  4   32[BANK0 ] long 
 Registers used:
		wreg, status,2, status,0
 Tracked objects:
		On entry : 
		On exit  : 
		Unchanged: 
 Data sizes:     COMMON   BANK0   BANK1   BANK3   BANK2
      Params:         0       4       0       0       0
      Locals:         0       6       0       0       0
      Temps:          0       4       0       0       0
      Totals:         0      14       0       0       0
Total ram usage:       14 bytes
 Hardware stack levels used:    1
 This function calls:
		Nothing
 This function is called by:
		_sprintf
 This function uses a non-reentrant model


 *************** function ___ftsub *****************
 Defined at:
		line 18 in file "C:\Program Files (x86)\Microchip\xc8\v1.45\sources\common\ftsub.c"
 Parameters:    Size  Location     Type
  f2              3   52[BANK0 ] float 
  f1              3   55[BANK0 ] float 
 Auto vars:     Size  Location     Type
		None
 Return value:  Size  Location     Type
                  3   52[BANK0 ] float 
 Registers used:
		wreg, status,2, status,0, pclath, cstack
 Tracked objects:
		On entry : 
		On exit  : 
		Unchanged: 
 Data sizes:     COMMON   BANK0   BANK1   BANK3   BANK2
      Params:         0       6       0       0       0
      Locals:         0       0       0       0       0
      Temps:          0       0       0       0       0
      Totals:         0       6       0       0       0
Total ram usage:        6 bytes
 Hardware stack levels used:    1
 Hardware stack levels required when called:    2
 This function calls:
		___ftadd
 This function is called by:
		_sprintf
 This function uses a non-reentrant model


 *************** function ___ftadd *****************
 Defined at:
		line 86 in file "C:\Program Files (x86)\Microchip\xc8\v1.45\sources\common\ftadd.c"
 Parameters:    Size  Location     Type
  f1              3   39[BANK0 ] float 
  f2              3   42[BANK0 ] float 
 Auto vars:     Size  Location     Type
  exp1            1   51[BANK0 ] unsigned char 
  exp2            1   50[BANK0 ] unsigned char 
  sign            1   49[BANK0 ] unsigned char 
 Return value:  Size  Location     Type
                  3   39[BANK0 ] float 
 Registers used:
		wreg, status,2, status,0, pclath, cstack
 Tracked objects:
		On entry : 
		On exit  : 
		Unchanged: 
 Data sizes:     COMMON   BANK0   BANK1   BANK3   BANK2
      Params:         0       6       0       0       0
      Locals:         0       3       0       0       0
      Temps:          0       4       0       0       0
      Totals:         0      13       0       0       0
Total ram usage:       13 bytes
 Hardware stack levels used:    1
 Hardware stack levels required when called:    1
 This function calls:
		___ftpack
 This function is called by:
		_sprintf
		___ftsub
 This function uses a non-reentrant model


 *************** function ___ftneg *****************
 Defined at:
		line 15 in file "C:\Program Files (x86)\Microchip\xc8\v1.45\sources\common\ftneg.c"
 Parameters:    Size  Location     Type
  f1              3    0[COMMON] float 
 Auto vars:     Size  Location     Type
		None
 Return value:  Size  Location     Type
                  3    0[COMMON] float 
 Registers used:
		wreg
 Tracked objects:
		On entry : 
		On exit  : 
		Unchanged: 
 Data sizes:     COMMON   BANK0   BANK1   BANK3   BANK2
      Params:         3       0       0       0       0
      Locals:         0       0       0       0       0
      Temps:          0       0       0       0       0
      Totals:         3       0       0       0       0
Total ram usage:        3 bytes
 Hardware stack levels used:    1
 This function calls:
		Nothing
 This function is called by:
		_sprintf
 This function uses a non-reentrant model


 *************** function ___ftge *****************
 Defined at:
		line 4 in file "C:\Program Files (x86)\Microchip\xc8\v1.45\sources\common\ftge.c"
 Parameters:    Size  Location     Type
  ff1             3    0[COMMON] float 
  ff2             3    3[COMMON] float 
 Auto vars:     Size  Location     Type
		None
 Return value:  Size  Location     Type
		None               void
 Registers used:
		wreg, status,2, status,0
 Tracked objects:
		On entry : 
		On exit  : 
		Unchanged: 
 Data sizes:     COMMON   BANK0   BANK1   BANK3   BANK2
      Params:         6       0       0       0       0
      Locals:         0       0       0       0       0
      Temps:          6       0       0       0       0
      Totals:        12       0       0       0       0
Total ram usage:       12 bytes
 Hardware stack levels used:    1
 This function calls:
		Nothing
 This function is called by:
		_sprintf
 This function uses a non-reentrant model


 *************** function ___lwtoft *****************
 Defined at:
		line 28 in file "C:\Program Files (x86)\Microchip\xc8\v1.45\sources\common\lwtoft.c"
 Parameters:    Size  Location     Type
  c               2    8[COMMON] unsigned int 
 Auto vars:     Size  Location     Type
		None
 Return value:  Size  Location     Type
                  3    8[COMMON] float 
 Registers used:
		wreg, status,2, status,0, pclath, cstack
 Tracked objects:
		On entry : 
		On exit  : 
		Unchanged: 
 Data sizes:     COMMON   BANK0   BANK1   BANK3   BANK2
      Params:         3       0       0       0       0
      Locals:         0       0       0       0       0
      Temps:          1       0       0       0       0
      Totals:         4       0       0       0       0
Total ram usage:        4 bytes
 Hardware stack levels used:    1
 Hardware stack levels required when called:    1
 This function calls:
		___ftpack
 This function is called by:
		_main
 This function uses a non-reentrant model


 *************** function ___ftpack *****************
 Defined at:
		line 62 in file "C:\Program Files (x86)\Microchip\xc8\v1.45\sources\common\float.c"
 Parameters:    Size  Location     Type
  arg             3    0[COMMON] unsigned um
  exp             1    3[COMMON] unsigned char 
  sign            1    4[COMMON] unsigned char 
 Auto vars:     Size  Location     Type
		None
 Return value:  Size  Location     Type
                  3    0[COMMON] float 
 Registers used:
		wreg, status,2, status,0
 Tracked objects:
		On entry : 
		On exit  : 
		Unchanged: 
 Data sizes:     COMMON   BANK0   BANK1   BANK3   BANK2
      Params:         5       0       0       0       0
      Locals:         0       0       0       0       0
      Temps:          3       0       0       0       0
      Totals:         8       0       0       0       0
Total ram usage:        8 bytes
 Hardware stack levels used:    1
 This function calls:
		Nothing
 This function is called by:
		___ftadd
		___ftmul
		___lltoft
		___lwtoft
 This function uses a non-reentrant model


 *************** function _Lcd_Write_String *****************
 Defined at:
		line 97 in file "lcd.h"
 Parameters:    Size  Location     Type
  a               2    5[COMMON] PTR unsigned char 
		 -> main@ad_tratado_lcd(16), STR_3(12), STR_2(10), STR_1(10), 
 Auto vars:     Size  Location     Type
  i               2   10[COMMON] int 
 Return value:  Size  Location     Type
                  1    wreg      void 
 Registers used:
		wreg, fsr0l, fsr0h, status,2, status,0, btemp+1, pclath, cstack
 Tracked objects:
		On entry : 
		On exit  : 
		Unchanged: 
 Data sizes:     COMMON   BANK0   BANK1   BANK3   BANK2
      Params:         2       0       0       0       0
      Locals:         2       0       0       0       0
      Temps:          3       0       0       0       0
      Totals:         7       0       0       0       0
Total ram usage:        7 bytes
 Hardware stack levels used:    1
 Hardware stack levels required when called:    2
 This function calls:
		_Lcd_Write_Char
 This function is called by:
		_main
 This function uses a non-reentrant model


 *************** function _Lcd_Write_Char *****************
 Defined at:
		line 81 in file "lcd.h"
 Parameters:    Size  Location     Type
  a               1    wreg     unsigned char 
 Auto vars:     Size  Location     Type
  a               1    4[COMMON] unsigned char 
  y               1    3[COMMON] unsigned char 
  temp            1    2[COMMON] unsigned char 
 Return value:  Size  Location     Type
                  1    wreg      void 
 Registers used:
		wreg, status,2, status,0, pclath, cstack
 Tracked objects:
		On entry : 
		On exit  : 
		Unchanged: 
 Data sizes:     COMMON   BANK0   BANK1   BANK3   BANK2
      Params:         0       0       0       0       0
      Locals:         3       0       0       0       0
      Temps:          1       0       0       0       0
      Totals:         4       0       0       0       0
Total ram usage:        4 bytes
 Hardware stack levels used:    1
 Hardware stack levels required when called:    1
 This function calls:
		_Lcd_Port
 This function is called by:
		_Lcd_Write_String
 This function uses a non-reentrant model


 *************** function _Lcd_Shift_Left *****************
 Defined at:
		line 110 in file "lcd.h"
 Parameters:    Size  Location     Type
		None
 Auto vars:     Size  Location     Type
		None
 Return value:  Size  Location     Type
                  1    wreg      void 
 Registers used:
		wreg, status,2, status,0, pclath, cstack
 Tracked objects:
		On entry : 
		On exit  : 
		Unchanged: 
 Data sizes:     COMMON   BANK0   BANK1   BANK3   BANK2
      Params:         0       0       0       0       0
      Locals:         0       0       0       0       0
      Temps:          0       0       0       0       0
      Totals:         0       0       0       0       0
Total ram usage:        0 bytes
 Hardware stack levels used:    1
 Hardware stack levels required when called:    2
 This function calls:
		_Lcd_Cmd
 This function is called by:
		_main
 This function uses a non-reentrant model


 *************** function _Lcd_Set_Cursor *****************
 Defined at:
		line 41 in file "lcd.h"
 Parameters:    Size  Location     Type
  a               1    wreg     unsigned char 
  b               1    4[COMMON] unsigned char 
 Auto vars:     Size  Location     Type
  a               1    7[COMMON] unsigned char 
  temp            1   10[COMMON] unsigned char 
  y               1    9[COMMON] unsigned char 
  z               1    8[COMMON] unsigned char 
 Return value:  Size  Location     Type
                  1    wreg      void 
 Registers used:
		wreg, status,2, status,0, pclath, cstack
 Tracked objects:
		On entry : 
		On exit  : 
		Unchanged: 
 Data sizes:     COMMON   BANK0   BANK1   BANK3   BANK2
      Params:         1       0       0       0       0
      Locals:         4       0       0       0       0
      Temps:          2       0       0       0       0
      Totals:         7       0       0       0       0
Total ram usage:        7 bytes
 Hardware stack levels used:    1
 Hardware stack levels required when called:    2
 This function calls:
		_Lcd_Cmd
 This function is called by:
		_main
 This function uses a non-reentrant model


 *************** function _Lcd_Init *****************
 Defined at:
		line 62 in file "lcd.h"
 Parameters:    Size  Location     Type
		None
 Auto vars:     Size  Location     Type
		None
 Return value:  Size  Location     Type
                  1    wreg      void 
 Registers used:
		wreg, status,2, status,0, pclath, cstack
 Tracked objects:
		On entry : 
		On exit  : 
		Unchanged: 
 Data sizes:     COMMON   BANK0   BANK1   BANK3   BANK2
      Params:         0       0       0       0       0
      Locals:         0       0       0       0       0
      Temps:          2       0       0       0       0
      Totals:         2       0       0       0       0
Total ram usage:        2 bytes
 Hardware stack levels used:    1
 Hardware stack levels required when called:    2
 This function calls:
		_Lcd_Cmd
		_Lcd_Port
 This function is called by:
		_main
 This function uses a non-reentrant model


 *************** function _Lcd_Clear *****************
 Defined at:
		line 35 in file "lcd.h"
 Parameters:    Size  Location     Type
		None
 Auto vars:     Size  Location     Type
		None
 Return value:  Size  Location     Type
                  2   52[None  ] int 
 Registers used:
		wreg, status,2, status,0, pclath, cstack
 Tracked objects:
		On entry : 
		On exit  : 
		Unchanged: 
 Data sizes:     COMMON   BANK0   BANK1   BANK3   BANK2
      Params:         0       0       0       0       0
      Locals:         0       0       0       0       0
      Temps:          0       0       0       0       0
      Totals:         0       0       0       0       0
Total ram usage:        0 bytes
 Hardware stack levels used:    1
 Hardware stack levels required when called:    2
 This function calls:
		_Lcd_Cmd
 This function is called by:
		_main
 This function uses a non-reentrant model


 *************** function _Lcd_Cmd *****************
 Defined at:
		line 26 in file "lcd.h"
 Parameters:    Size  Location     Type
  a               1    wreg     unsigned char 
 Auto vars:     Size  Location     Type
  a               1    3[COMMON] unsigned char 
 Return value:  Size  Location     Type
                  1    wreg      void 
 Registers used:
		wreg, status,2, status,0, pclath, cstack
 Tracked objects:
		On entry : 
		On exit  : 
		Unchanged: 
 Data sizes:     COMMON   BANK0   BANK1   BANK3   BANK2
      Params:         0       0       0       0       0
      Locals:         1       0       0       0       0
      Temps:          2       0       0       0       0
      Totals:         3       0       0       0       0
Total ram usage:        3 bytes
 Hardware stack levels used:    1
 Hardware stack levels required when called:    1
 This function calls:
		_Lcd_Port
 This function is called by:
		_Lcd_Clear
		_Lcd_Set_Cursor
		_Lcd_Init
		_Lcd_Shift_Left
		_Lcd_Shift_Right
 This function uses a non-reentrant model


 *************** function _Lcd_Port *****************
 Defined at:
		line 4 in file "lcd.h"
 Parameters:    Size  Location     Type
  a               1    wreg     unsigned char 
 Auto vars:     Size  Location     Type
  a               1    0[COMMON] unsigned char 
 Return value:  Size  Location     Type
                  1    wreg      void 
 Registers used:
		wreg
 Tracked objects:
		On entry : 
		On exit  : 
		Unchanged: 
 Data sizes:     COMMON   BANK0   BANK1   BANK3   BANK2
      Params:         0       0       0       0       0
      Locals:         1       0       0       0       0
      Temps:          0       0       0       0       0
      Totals:         1       0       0       0       0
Total ram usage:        1 bytes
 Hardware stack levels used:    1
 This function calls:
		Nothing
 This function is called by:
		_Lcd_Cmd
		_Lcd_Init
		_Lcd_Write_Char
 This function uses a non-reentrant model


 *************** function _ADC_Read *****************
 Defined at:
		line 32 in file "main.c"
 Parameters:    Size  Location     Type
  channel         1    wreg     unsigned char 
 Auto vars:     Size  Location     Type
  channel         1    4[COMMON] unsigned char 
 Return value:  Size  Location     Type
                  2    0[COMMON] unsigned int 
 Registers used:
		wreg, status,2, status,0
 Tracked objects:
		On entry : 
		On exit  : 
		Unchanged: 
 Data sizes:     COMMON   BANK0   BANK1   BANK3   BANK2
      Params:         2       0       0       0       0
      Locals:         1       0       0       0       0
      Temps:          2       0       0       0       0
      Totals:         5       0       0       0       0
Total ram usage:        5 bytes
 Hardware stack levels used:    1
 This function calls:
		Nothing
 This function is called by:
		_main
 This function uses a non-reentrant model


 *************** function _ADC_Init *****************
 Defined at:
		line 26 in file "main.c"
 Parameters:    Size  Location     Type
		None
 Auto vars:     Size  Location     Type
		None
 Return value:  Size  Location     Type
                  1    wreg      void 
 Registers used:
		wreg
 Tracked objects:
		On entry : 
		On exit  : 
		Unchanged: 
 Data sizes:     COMMON   BANK0   BANK1   BANK3   BANK2
      Params:         0       0       0       0       0
      Locals:         0       0       0       0       0
      Temps:          0       0       0       0       0
      Totals:         0       0       0       0       0
Total ram usage:        0 bytes
 Hardware stack levels used:    1
 This function calls:
		Nothing
 This function is called by:
		_main
 This function uses a non-reentrant model



MODULE INFORMATION

Module		Function		Class		Link	Load	Size
C:\Program Files (x86)\Microchip\xc8\v1.45\sources\common\ftneg.c
		___ftneg       		CODE           	13A5	0000	9

C:\Program Files (x86)\Microchip\xc8\v1.45\sources\common\ftneg.c estimated size: 9

C:\Program Files (x86)\Microchip\xc8\v1.45\sources\common\ftsub.c
		___ftsub       		CODE           	140D	0000	34

C:\Program Files (x86)\Microchip\xc8\v1.45\sources\common\ftsub.c estimated size: 34

C:\Program Files (x86)\Microchip\xc8\v1.45\sources\common\float.c
		___ftpack      		CODE           	080F	0000	109

C:\Program Files (x86)\Microchip\xc8\v1.45\sources\common\float.c estimated size: 109

C:\Program Files (x86)\Microchip\xc8\v1.45\sources\common\doprnt.c
		_scale         		CODE           	0D65	0000	668
		_sprintf       		CODE           	01B8	0000	1605
		_fround        		CODE           	001E	0000	411

C:\Program Files (x86)\Microchip\xc8\v1.45\sources\common\doprnt.c estimated size: 2684

C:\Program Files (x86)\Microchip\xc8\v1.45\sources\common\lltoft.c
		___lltoft      		CODE           	144F	0000	44

C:\Program Files (x86)\Microchip\xc8\v1.45\sources\common\lltoft.c estimated size: 44

C:\Program Files (x86)\Microchip\xc8\v1.45\sources\common\Umul16.c
		___wmul        		CODE           	142E	0000	34

C:\Program Files (x86)\Microchip\xc8\v1.45\sources\common\Umul16.c estimated size: 34

C:\Program Files (x86)\Microchip\xc8\v1.45\sources\common\ftge.c
		___ftge        		CODE           	16B7	0000	94

C:\Program Files (x86)\Microchip\xc8\v1.45\sources\common\ftge.c estimated size: 94

C:\Program Files (x86)\Microchip\xc8\v1.45\sources\common\isdigit.c
		_isdigit       		CODE           	0801	0000	15

C:\Program Files (x86)\Microchip\xc8\v1.45\sources\common\isdigit.c estimated size: 15

C:\Program Files (x86)\Microchip\xc8\v1.45\sources\common\ftdivl.c
		__tdiv_to_l_   		CODE           	087B	0000	196

C:\Program Files (x86)\Microchip\xc8\v1.45\sources\common\ftdivl.c estimated size: 196

C:\Program Files (x86)\Microchip\xc8\v1.45\sources\common\ftmul.c
		___ftmul       		CODE           	093E	0000	212

C:\Program Files (x86)\Microchip\xc8\v1.45\sources\common\ftmul.c estimated size: 212

C:\Program Files (x86)\Microchip\xc8\v1.45\sources\common\awmod.c
		___awmod       		CODE           	156A	0000	76

C:\Program Files (x86)\Microchip\xc8\v1.45\sources\common\awmod.c estimated size: 76

C:\Program Files (x86)\Microchip\xc8\v1.45\sources\common\llmod.c
		___llmod       		CODE           	15B5	0000	77

C:\Program Files (x86)\Microchip\xc8\v1.45\sources\common\llmod.c estimated size: 77

C:\Program Files (x86)\Microchip\xc8\v1.45\sources\common\fldivl.c
		__div_to_l_    		CODE           	0C33	0000	307

C:\Program Files (x86)\Microchip\xc8\v1.45\sources\common\fldivl.c estimated size: 307

shared
		__stringtab    		STRING         	1000	0000	17
		__powers_      		STRING         	1038	0000	40
		_dpowers       		STRING         	1010	0000	41
		__npowers_     		STRING         	105F	0000	40
		__initialization		CODE           	07FC	0000	1

shared estimated size: 139

C:\Program Files (x86)\Microchip\xc8\v1.45\sources\common\fttol.c
		___fttol       		CODE           	1772	0000	143

C:\Program Files (x86)\Microchip\xc8\v1.45\sources\common\fttol.c estimated size: 143

C:\Program Files (x86)\Microchip\xc8\v1.45\sources\common\awdiv.c
		___awdiv       		CODE           	165C	0000	92

C:\Program Files (x86)\Microchip\xc8\v1.45\sources\common\awdiv.c estimated size: 92

C:\Program Files (x86)\Microchip\xc8\v1.45\sources\common\ftadd.c
		___ftadd       		CODE           	0A11	0000	266

C:\Program Files (x86)\Microchip\xc8\v1.45\sources\common\ftadd.c estimated size: 266

lcd.h
		_Lcd_Write_String		CODE           	14E3	0000	62
		_Lcd_Shift_Left		CODE           	13C1	0000	12
		_Lcd_Init      		CODE           	1601	0000	92
		_Lcd_Write_Char		CODE           	14AA	0000	58
		_Lcd_Cmd       		CODE           	0004	0000	27
		_Lcd_Set_Cursor		CODE           	1520	0000	75
		_Lcd_Clear     		CODE           	13B6	0000	12
		_Lcd_Port      		CODE           	13F3	0000	27

lcd.h estimated size: 365

C:\Program Files (x86)\Microchip\xc8\v1.45\sources\common\lldiv.c
		___lldiv       		CODE           	1714	0000	95

C:\Program Files (x86)\Microchip\xc8\v1.45\sources\common\lldiv.c estimated size: 95

C:\Program Files (x86)\Microchip\xc8\v1.45\sources\common\Umul8.c
		___bmul        		CODE           	13CC	0000	20

C:\Program Files (x86)\Microchip\xc8\v1.45\sources\common\Umul8.c estimated size: 20

main.c
		_main          		CODE           	0B1A	0000	282
		_ADC_Read      		CODE           	147A	0000	49
		_ADC_Init      		CODE           	13AD	0000	10

main.c estimated size: 341

C:\Program Files (x86)\Microchip\xc8\v1.45\sources\common\lwtoft.c
		___lwtoft      		CODE           	13DF	0000	21

C:\Program Files (x86)\Microchip\xc8\v1.45\sources\common\lwtoft.c estimated size: 21

